яяяяяяяяяяяяя яяяяяяяяяя яяяяяяяяяяяяя яяяяяяяяяя яяяяяяяяяяяяя яяяяяяяяяя
яяяяяяяяяяяяя яяяяяяяяяя яяяяяяяяяяяяя яяяяяяяяяя